{"resourceLogs":[{"resource":{},"scopeLogs":[{"scope":{},"logRecords":[{"body":{"stringValue":"Hello world!"},"traceId":"01010101010101010101010101010101","spanId":"0202020202020202"}]}]}]}
