{"resourceSpans":[{"resource":{},"scopeSpans":[{"scope":{},"spans":[{"traceId":"01010101010101010101010101010101","spanId":"0202020202020202","parentSpanId":"","status":{}}]}]}]}
